--------------------
/Library/Java/Extensions/humble-video-master/humble-video-captive/src/main/gnu/zlib/csrc/configure --static --prefix=/usr/local
Wed Jan  8 14:23:45 CET 2025
Using ar
=== ztest21518.c ===
extern int getchar();
int hello() {return getchar();}
===
gcc -c ztest21518.c
... using gcc

Checking for obsessive-compulsive compiler options...
=== ztest21518.c ===
int foo() { return 0; }
===
gcc -c -fPIC -I/usr/local/include -g -O2 ztest21518.c

Building static library libz.a version 1.2.11 with gcc.

=== ztest21518.c ===
#include <stdio.h>
#include <stdlib.h>
size_t dummy = 0;
===
gcc -c -fPIC -I/usr/local/include -g -O2 ztest21518.c
Checking for size_t... Yes.


=== ztest21518.c ===
#include <sys/types.h>
off64_t dummy = 0;
===
gcc -c -fPIC -I/usr/local/include -g -O2 -D_LARGEFILE64_SOURCE=1 ztest21518.c
ztest21518.c:2:1: error: unknown type name 'off64_t'; did you mean 'off_t'?
    2 | off64_t dummy = 0;
      | ^~~~~~~
      | off_t
/Library/Developer/CommandLineTools/SDKs/MacOSX.sdk/usr/include/sys/_types/_off_t.h:31:33: note: 'off_t' declared here
   31 | typedef __darwin_off_t          off_t;
      |                                 ^
1 error generated.
(exit code 1)
Checking for off64_t... No.

=== ztest21518.c ===
#include <stdio.h>
int main(void) {
  fseeko(NULL, 0, 0);
  return 0;
}
===
gcc -fPIC -I/usr/local/include -g -O2 -o ztest21518 ztest21518.c
Checking for fseeko... Yes.

=== ztest21518.c ===
#include <string.h>
#include <errno.h>
int main() { return strlen(strerror(errno)); }
===
gcc -fPIC -I/usr/local/include -g -O2 -o ztest21518 ztest21518.c
Checking for strerror... Yes.

=== ztest21518.c ===
#include <unistd.h>
int main() { return 0; }
===
gcc -c -fPIC -I/usr/local/include -g -O2 ztest21518.c
Checking for unistd.h... Yes.

=== ztest21518.c ===
#include <stdarg.h>
int main() { return 0; }
===
gcc -c -fPIC -I/usr/local/include -g -O2 ztest21518.c
Checking for stdarg.h... Yes.

=== ztest21518.c ===
#include <stdio.h>
#include <stdarg.h>
#include "zconf.h"
int main()
{
#ifndef STDC
  choke me
#endif
  return 0;
}
===
gcc -c -fPIC -I/usr/local/include -g -O2 ztest21518.c
Checking whether to use vs[n]printf() or s[n]printf()... using vs[n]printf().

=== ztest21518.c ===
#include <stdio.h>
#include <stdarg.h>
int mytest(const char *fmt, ...)
{
  char buf[20];
  va_list ap;
  va_start(ap, fmt);
  vsnprintf(buf, sizeof(buf), fmt, ap);
  va_end(ap);
  return 0;
}
int main()
{
  return (mytest("Hello%d\n", 1));
}
===
gcc -fPIC -I/usr/local/include -g -O2 -o ztest21518 ztest21518.c
Checking for vsnprintf() in stdio.h... Yes.

=== ztest21518.c ===
#include <stdio.h>
#include <stdarg.h>
int mytest(const char *fmt, ...)
{
  int n;
  char buf[20];
  va_list ap;
  va_start(ap, fmt);
  n = vsnprintf(buf, sizeof(buf), fmt, ap);
  va_end(ap);
  return n;
}
int main()
{
  return (mytest("Hello%d\n", 1));
}
===
gcc -c -fPIC -I/usr/local/include -g -O2 ztest21518.c
Checking for return value of vsnprintf()... Yes.

=== ztest21518.c ===
#define ZLIB_INTERNAL __attribute__((visibility ("hidden")))
int ZLIB_INTERNAL foo;
int main()
{
  return 0;
}
===
gcc -c -fPIC -I/usr/local/include -g -O2 ztest21518.c
Checking for attribute(visibility) support... Yes.

ALL = static
AR = libtool
ARFLAGS = -o
CC = gcc
CFLAGS = -fPIC -I/usr/local/include -g -O2 -DHAVE_HIDDEN
CPP = gcc -E
EXE =
LDCONFIG = ldconfig
LDFLAGS = -fPIC -L/usr/local/lib
LDSHARED = gcc
LDSHAREDLIBC = -lc
OBJC = $(OBJZ) $(OBJG)
PIC_OBJC = $(PIC_OBJZ) $(PIC_OBJG)
RANLIB = ranlib
SFLAGS = -fPIC -I/usr/local/include -g -O2 -fPIC -DHAVE_HIDDEN
SHAREDLIB =
SHAREDLIBM =
SHAREDLIBV =
STATICLIB = libz.a
TEST = all teststatic
VER = 1.2.11
Z_U4 =
SRCDIR = /Library/Java/Extensions/humble-video-master/humble-video-captive/src/main/gnu/zlib/csrc/
exec_prefix = /usr/local
includedir = /usr/local/include
libdir = /usr/local/lib
mandir = /usr/local/share/man
prefix = /usr/local
sharedlibdir = ${libdir}
uname = darwin23.6.0
--------------------


